[1m============================= test session starts ==============================[0m
platform darwin -- Python 3.13.5, pytest-8.4.1, pluggy-1.6.0 -- /Users/benedikt/Documents/8 Programmierung/Python/IntegratedWidgets/.venv/bin/python
cachedir: .pytest_cache
PySide6 6.9.1 -- Qt runtime 6.9.1 -- Qt compiled 6.9.1
rootdir: /Users/benedikt/Documents/8 Programmierung/Python/IntegratedWidgets
configfile: pyproject.toml
plugins: qt-4.5.0
[1mcollecting ... [0mcollected 49 items

tests/test_base_controller_composition.py::test_basic_composition_lifecycle [32mPASSED[0m[32m [  2%][0m
tests/test_base_controller_composition.py::test_idempotent_disposal [32mPASSED[0m[32m [  4%][0m
tests/test_base_controller_composition.py::test_auto_register_controllers [32mPASSED[0m[32m [  6%][0m
tests/test_base_controller_composition.py::test_nested_composition_basic [32mPASSED[0m[32m [  8%][0m
tests/test_base_controller_composition.py::test_nested_composition_auto_registration [32mPASSED[0m[32m [ 10%][0m
tests/test_base_controller_composition.py::test_nested_composition_disposal_order [32mPASSED[0m[32m [ 12%][0m
tests/test_base_controller_composition.py::test_disposal_with_errors [32mPASSED[0m[32m [ 14%][0m
tests/test_base_controller_composition.py::test_context_manager [32mPASSED[0m[32m   [ 16%][0m
tests/test_base_controller_composition.py::test_controllers_property [32mPASSED[0m[32m [ 18%][0m
tests/test_base_controller_composition.py::test_warn_on_unregistered_controllers [32mPASSED[0m[32m [ 20%][0m
tests/test_base_controller_composition.py::test_deeply_nested_composition [32mPASSED[0m[32m [ 22%][0m
tests/test_base_controller_composition.py::test_type_restrictions [32mPASSED[0m[32m [ 24%][0m
tests/test_base_controller_composition.py::test_disposal_order_independence [32mPASSED[0m[32m [ 26%][0m
tests/test_iqt_layouted_widget.py::TestIQtLayoutedWidget::test_simple_vertical_composition [32mPASSED[0m[32m [ 28%][0m
tests/test_iqt_layouted_widget.py::TestIQtLayoutedWidget::test_horizontal_composition [32mPASSED[0m[32m [ 30%][0m
tests/test_iqt_layouted_widget.py::TestIQtLayoutedWidget::test_grouped_layout_with_title [32mPASSED[0m[32m [ 32%][0m
tests/test_iqt_layouted_widget.py::TestIQtLayoutedWidget::test_dynamic_layout_switching Fatal Python error: Aborted

Current thread 0x00000001ef7560c0 (most recent call first):
  Garbage-collecting
  File "/Users/benedikt/Documents/8 Programmierung/Python/IntegratedWidgets/src/integrated_widgets/util/base_controller.py", line 341 in _dispose_common_cleanup
  File "/Users/benedikt/Documents/8 Programmierung/Python/IntegratedWidgets/src/integrated_widgets/util/base_controller.py", line 320 in dispose
  File "/Users/benedikt/Documents/8 Programmierung/Python/IntegratedWidgets/src/integrated_widgets/util/base_single_hook_controller.py", line 131 in __del__
  File "/opt/homebrew/Cellar/python@3.13/3.13.5/Frameworks/Python.framework/Versions/3.13/lib/python3.13/ast.py", line 50 in parse
  File "/Users/benedikt/Documents/8 Programmierung/Python/IntegratedWidgets/.venv/lib/python3.13/site-packages/_pytest/_code/source.py", line 191 in getstatementrange_ast
  File "/Users/benedikt/Documents/8 Programmierung/Python/IntegratedWidgets/.venv/lib/python3.13/site-packages/_pytest/_code/code.py", line 300 in getsource
  File "/Users/benedikt/Documents/8 Programmierung/Python/IntegratedWidgets/.venv/lib/python3.13/site-packages/_pytest/_code/code.py", line 903 in _getentrysource
  File "/Users/benedikt/Documents/8 Programmierung/Python/IntegratedWidgets/.venv/lib/python3.13/site-packages/_pytest/_code/code.py", line 1065 in repr_traceback_entry
  File "/Users/benedikt/Documents/8 Programmierung/Python/IntegratedWidgets/.venv/lib/python3.13/site-packages/_pytest/_code/code.py", line 1135 in repr_traceback
  File "/Users/benedikt/Documents/8 Programmierung/Python/IntegratedWidgets/.venv/lib/python3.13/site-packages/_pytest/_code/code.py", line 1202 in repr_excinfo
  File "/Users/benedikt/Documents/8 Programmierung/Python/IntegratedWidgets/.venv/lib/python3.13/site-packages/_pytest/_code/code.py", line 766 in getrepr
  File "/Users/benedikt/Documents/8 Programmierung/Python/IntegratedWidgets/.venv/lib/python3.13/site-packages/_pytest/nodes.py", line 456 in _repr_failure_py
  File "/Users/benedikt/Documents/8 Programmierung/Python/IntegratedWidgets/.venv/lib/python3.13/site-packages/_pytest/python.py", line 1713 in repr_failure
  File "/Users/benedikt/Documents/8 Programmierung/Python/IntegratedWidgets/.venv/lib/python3.13/site-packages/_pytest/reports.py", line 377 in from_item_and_call
  File "/Users/benedikt/Documents/8 Programmierung/Python/IntegratedWidgets/.venv/lib/python3.13/site-packages/_pytest/runner.py", line 368 in pytest_runtest_makereport
  File "/Users/benedikt/Documents/8 Programmierung/Python/IntegratedWidgets/.venv/lib/python3.13/site-packages/pluggy/_callers.py", line 121 in _multicall
  File "/Users/benedikt/Documents/8 Programmierung/Python/IntegratedWidgets/.venv/lib/python3.13/site-packages/pluggy/_manager.py", line 120 in _hookexec
  File "/Users/benedikt/Documents/8 Programmierung/Python/IntegratedWidgets/.venv/lib/python3.13/site-packages/pluggy/_hooks.py", line 512 in __call__
  File "/Users/benedikt/Documents/8 Programmierung/Python/IntegratedWidgets/.venv/lib/python3.13/site-packages/_pytest/runner.py", line 248 in call_and_report
  File "/Users/benedikt/Documents/8 Programmierung/Python/IntegratedWidgets/.venv/lib/python3.13/site-packages/_pytest/runner.py", line 136 in runtestprotocol
  File "/Users/benedikt/Documents/8 Programmierung/Python/IntegratedWidgets/.venv/lib/python3.13/site-packages/_pytest/runner.py", line 117 in pytest_runtest_protocol
  File "/Users/benedikt/Documents/8 Programmierung/Python/IntegratedWidgets/.venv/lib/python3.13/site-packages/pluggy/_callers.py", line 121 in _multicall
  File "/Users/benedikt/Documents/8 Programmierung/Python/IntegratedWidgets/.venv/lib/python3.13/site-packages/pluggy/_manager.py", line 120 in _hookexec
  File "/Users/benedikt/Documents/8 Programmierung/Python/IntegratedWidgets/.venv/lib/python3.13/site-packages/pluggy/_hooks.py", line 512 in __call__
  File "/Users/benedikt/Documents/8 Programmierung/Python/IntegratedWidgets/.venv/lib/python3.13/site-packages/_pytest/main.py", line 367 in pytest_runtestloop
  File "/Users/benedikt/Documents/8 Programmierung/Python/IntegratedWidgets/.venv/lib/python3.13/site-packages/pluggy/_callers.py", line 121 in _multicall
  File "/Users/benedikt/Documents/8 Programmierung/Python/IntegratedWidgets/.venv/lib/python3.13/site-packages/pluggy/_manager.py", line 120 in _hookexec
  File "/Users/benedikt/Documents/8 Programmierung/Python/IntegratedWidgets/.venv/lib/python3.13/site-packages/pluggy/_hooks.py", line 512 in __call__
  File "/Users/benedikt/Documents/8 Programmierung/Python/IntegratedWidgets/.venv/lib/python3.13/site-packages/_pytest/main.py", line 343 in _main
  File "/Users/benedikt/Documents/8 Programmierung/Python/IntegratedWidgets/.venv/lib/python3.13/site-packages/_pytest/main.py", line 289 in wrap_session
  File "/Users/benedikt/Documents/8 Programmierung/Python/IntegratedWidgets/.venv/lib/python3.13/site-packages/_pytest/main.py", line 336 in pytest_cmdline_main
  File "/Users/benedikt/Documents/8 Programmierung/Python/IntegratedWidgets/.venv/lib/python3.13/site-packages/pluggy/_callers.py", line 121 in _multicall
  File "/Users/benedikt/Documents/8 Programmierung/Python/IntegratedWidgets/.venv/lib/python3.13/site-packages/pluggy/_manager.py", line 120 in _hookexec
  File "/Users/benedikt/Documents/8 Programmierung/Python/IntegratedWidgets/.venv/lib/python3.13/site-packages/pluggy/_hooks.py", line 512 in __call__
  File "/Users/benedikt/Documents/8 Programmierung/Python/IntegratedWidgets/.venv/lib/python3.13/site-packages/_pytest/config/__init__.py", line 175 in main
  File "/Users/benedikt/Documents/8 Programmierung/Python/IntegratedWidgets/tests/run_tests.py", line 26 in main
  File "/Users/benedikt/Documents/8 Programmierung/Python/IntegratedWidgets/tests/run_tests.py", line 30 in <module>

Extension modules: shiboken6.Shiboken, PySide6.QtCore, PySide6.QtGui, PySide6.QtWidgets, PySide6.QtTest, h5py._errors, h5py.defs, h5py._objects, h5py.h5, numpy._core._multiarray_umath, numpy.linalg._umath_linalg, h5py.utils, h5py.h5t, h5py.h5s, h5py.h5ac, h5py.h5p, h5py.h5r, h5py._npystrings, h5py._proxy, h5py._conv, h5py.h5z, h5py.h5a, h5py.h5d, h5py.h5ds, h5py.h5g, h5py.h5i, h5py.h5o, h5py.h5f, h5py.h5fd, h5py.h5pl, h5py.h5l, h5py._selector, numpy.random._common, numpy.random.bit_generator, numpy.random._bounded_integers, numpy.random._pcg64, numpy.random._mt19937, numpy.random._generator, numpy.random._philox, numpy.random._sfc64, numpy.random.mtrand, pandas._libs.tslibs.ccalendar, pandas._libs.tslibs.np_datetime, pandas._libs.tslibs.dtypes, pandas._libs.tslibs.base, pandas._libs.tslibs.nattype, pandas._libs.tslibs.timezones, pandas._libs.tslibs.fields, pandas._libs.tslibs.timedeltas, pandas._libs.tslibs.tzconversion, pandas._libs.tslibs.timestamps, pandas._libs.properties, pandas._libs.tslibs.offsets, pandas._libs.tslibs.strptime, pandas._libs.tslibs.parsing, pandas._libs.tslibs.conversion, pandas._libs.tslibs.period, pandas._libs.tslibs.vectorized, pandas._libs.ops_dispatch, pandas._libs.missing, pandas._libs.hashtable, pandas._libs.algos, pandas._libs.interval, pandas._libs.lib, pandas._libs.ops, pandas._libs.hashing, pandas._libs.arrays, pandas._libs.tslib, pandas._libs.sparse, pandas._libs.internals, pandas._libs.indexing, pandas._libs.index, pandas._libs.writers, pandas._libs.join, pandas._libs.window.aggregations, pandas._libs.window.indexers, pandas._libs.reshape, pandas._libs.groupby, pandas._libs.json, pandas._libs.parsers, pandas._libs.testing (total: 81)
